Archive member included to satisfy reference by file (symbol)

C:/ST/STM32CubeIDE_1.18.1/STM32CubeIDE/plugins/com.st.stm32cube.ide.mcu.externaltools.gnu-tools-for-stm32.13.3.rel1.win32_1.0.0.202411081344/tools/bin/../lib/gcc/arm-none-eabi/13.3.1/../../../../arm-none-eabi/lib/thumb/v8-m.main+fp/hard\libc_nano.a(libc_a-exit.o)
                              C:/ST/STM32CubeIDE_1.18.1/STM32CubeIDE/plugins/com.st.stm32cube.ide.mcu.externaltools.gnu-tools-for-stm32.13.3.rel1.win32_1.0.0.202411081344/tools/bin/../lib/gcc/arm-none-eabi/13.3.1/../../../../arm-none-eabi/lib/thumb/v8-m.main+fp/hard/crt0.o (exit)
C:/ST/STM32CubeIDE_1.18.1/STM32CubeIDE/plugins/com.st.stm32cube.ide.mcu.externaltools.gnu-tools-for-stm32.13.3.rel1.win32_1.0.0.202411081344/tools/bin/../lib/gcc/arm-none-eabi/13.3.1/../../../../arm-none-eabi/lib/thumb/v8-m.main+fp/hard\libc_nano.a(libc_a-findfp.o)
                              C:/ST/STM32CubeIDE_1.18.1/STM32CubeIDE/plugins/com.st.stm32cube.ide.mcu.externaltools.gnu-tools-for-stm32.13.3.rel1.win32_1.0.0.202411081344/tools/bin/../lib/gcc/arm-none-eabi/13.3.1/../../../../arm-none-eabi/lib/thumb/v8-m.main+fp/hard\libc_nano.a(libc_a-exit.o) (__stdio_exit_handler)
C:/ST/STM32CubeIDE_1.18.1/STM32CubeIDE/plugins/com.st.stm32cube.ide.mcu.externaltools.gnu-tools-for-stm32.13.3.rel1.win32_1.0.0.202411081344/tools/bin/../lib/gcc/arm-none-eabi/13.3.1/../../../../arm-none-eabi/lib/thumb/v8-m.main+fp/hard\libc_nano.a(libc_a-fwalk.o)
                              C:/ST/STM32CubeIDE_1.18.1/STM32CubeIDE/plugins/com.st.stm32cube.ide.mcu.externaltools.gnu-tools-for-stm32.13.3.rel1.win32_1.0.0.202411081344/tools/bin/../lib/gcc/arm-none-eabi/13.3.1/../../../../arm-none-eabi/lib/thumb/v8-m.main+fp/hard\libc_nano.a(libc_a-findfp.o) (_fwalk_sglue)
C:/ST/STM32CubeIDE_1.18.1/STM32CubeIDE/plugins/com.st.stm32cube.ide.mcu.externaltools.gnu-tools-for-stm32.13.3.rel1.win32_1.0.0.202411081344/tools/bin/../lib/gcc/arm-none-eabi/13.3.1/../../../../arm-none-eabi/lib/thumb/v8-m.main+fp/hard\libc_nano.a(libc_a-stdio.o)
                              C:/ST/STM32CubeIDE_1.18.1/STM32CubeIDE/plugins/com.st.stm32cube.ide.mcu.externaltools.gnu-tools-for-stm32.13.3.rel1.win32_1.0.0.202411081344/tools/bin/../lib/gcc/arm-none-eabi/13.3.1/../../../../arm-none-eabi/lib/thumb/v8-m.main+fp/hard\libc_nano.a(libc_a-findfp.o) (__sread)
C:/ST/STM32CubeIDE_1.18.1/STM32CubeIDE/plugins/com.st.stm32cube.ide.mcu.externaltools.gnu-tools-for-stm32.13.3.rel1.win32_1.0.0.202411081344/tools/bin/../lib/gcc/arm-none-eabi/13.3.1/../../../../arm-none-eabi/lib/thumb/v8-m.main+fp/hard\libc_nano.a(libc_a-memset.o)
                              C:/ST/STM32CubeIDE_1.18.1/STM32CubeIDE/plugins/com.st.stm32cube.ide.mcu.externaltools.gnu-tools-for-stm32.13.3.rel1.win32_1.0.0.202411081344/tools/bin/../lib/gcc/arm-none-eabi/13.3.1/../../../../arm-none-eabi/lib/thumb/v8-m.main+fp/hard/crt0.o (memset)
C:/ST/STM32CubeIDE_1.18.1/STM32CubeIDE/plugins/com.st.stm32cube.ide.mcu.externaltools.gnu-tools-for-stm32.13.3.rel1.win32_1.0.0.202411081344/tools/bin/../lib/gcc/arm-none-eabi/13.3.1/../../../../arm-none-eabi/lib/thumb/v8-m.main+fp/hard\libc_nano.a(libc_a-closer.o)
                              C:/ST/STM32CubeIDE_1.18.1/STM32CubeIDE/plugins/com.st.stm32cube.ide.mcu.externaltools.gnu-tools-for-stm32.13.3.rel1.win32_1.0.0.202411081344/tools/bin/../lib/gcc/arm-none-eabi/13.3.1/../../../../arm-none-eabi/lib/thumb/v8-m.main+fp/hard\libc_nano.a(libc_a-stdio.o) (_close_r)
C:/ST/STM32CubeIDE_1.18.1/STM32CubeIDE/plugins/com.st.stm32cube.ide.mcu.externaltools.gnu-tools-for-stm32.13.3.rel1.win32_1.0.0.202411081344/tools/bin/../lib/gcc/arm-none-eabi/13.3.1/../../../../arm-none-eabi/lib/thumb/v8-m.main+fp/hard\libc_nano.a(libc_a-reent.o)
                              C:/ST/STM32CubeIDE_1.18.1/STM32CubeIDE/plugins/com.st.stm32cube.ide.mcu.externaltools.gnu-tools-for-stm32.13.3.rel1.win32_1.0.0.202411081344/tools/bin/../lib/gcc/arm-none-eabi/13.3.1/../../../../arm-none-eabi/lib/thumb/v8-m.main+fp/hard\libc_nano.a(libc_a-closer.o) (errno)
C:/ST/STM32CubeIDE_1.18.1/STM32CubeIDE/plugins/com.st.stm32cube.ide.mcu.externaltools.gnu-tools-for-stm32.13.3.rel1.win32_1.0.0.202411081344/tools/bin/../lib/gcc/arm-none-eabi/13.3.1/../../../../arm-none-eabi/lib/thumb/v8-m.main+fp/hard\libc_nano.a(libc_a-impure.o)
                              C:/ST/STM32CubeIDE_1.18.1/STM32CubeIDE/plugins/com.st.stm32cube.ide.mcu.externaltools.gnu-tools-for-stm32.13.3.rel1.win32_1.0.0.202411081344/tools/bin/../lib/gcc/arm-none-eabi/13.3.1/../../../../arm-none-eabi/lib/thumb/v8-m.main+fp/hard\libc_nano.a(libc_a-reent.o) (_impure_ptr)
C:/ST/STM32CubeIDE_1.18.1/STM32CubeIDE/plugins/com.st.stm32cube.ide.mcu.externaltools.gnu-tools-for-stm32.13.3.rel1.win32_1.0.0.202411081344/tools/bin/../lib/gcc/arm-none-eabi/13.3.1/../../../../arm-none-eabi/lib/thumb/v8-m.main+fp/hard\libc_nano.a(libc_a-lseekr.o)
[...]
Memory Configuration

Name             Origin             Length             Attributes
RAM              0x20000000         0x000c0000         xrw
SRAM4            0x28000000         0x00004000         xrw
FLASH            0x08000000         0x00200000         xr
*default*        0x00000000         0xffffffff

Linker script and memory map

LOAD C:/ST/STM32CubeIDE_1.18.1/STM32CubeIDE/plugins/com.st.stm32cube.ide.mcu.externaltools.gnu-tools-for-stm32.13.3.rel1.win32_1.0.0.202411081344/tools/bin/../lib/gcc/arm-none-eabi/13.3.1/thumb/v8-m.main+fp/hard/crti.o
LOAD C:/ST/STM32CubeIDE_1.18.1/STM32CubeIDE/plugins/com.st.stm32cube.ide.mcu.externaltools.gnu-tools-for-stm32.13.3.rel1.win32_1.0.0.202411081344/tools/bin/../lib/gcc/arm-none-eabi/13.3.1/thumb/v8-m.main+fp/hard/crtbegin.o
LOAD C:/ST/STM32CubeIDE_1.18.1/STM32CubeIDE/plugins/com.st.stm32cube.ide.mcu.externaltools.gnu-tools-for-stm32.13.3.rel1.win32_1.0.0.202411081344/tools/bin/../lib/gcc/arm-none-eabi/13.3.1/../../../../arm-none-eabi/lib/thumb/v8-m.main+fp/hard/crt0.o
LOAD ./Core/Src/main.o
LOAD ./Core/Src/stm32u5xx_hal_msp.o
LOAD ./Core/Src/stm32u5xx_it.o
LOAD ./Core/Src/syscalls.o
LOAD ./Core/Src/sysmem.o
LOAD ./Core/Src/system_stm32u5xx.o
LOAD ./Core/Startup/startup_stm32u575zitxq.o
LOAD ./Drivers/STM32U5xx_HAL_Driver/Src/stm32u5xx_hal.o
LOAD ./Drivers/STM32U5xx_HAL_Driver/Src/stm32u5xx_hal_cortex.o
LOAD ./Drivers/STM32U5xx_HAL_Driver/Src/stm32u5xx_hal_dma.o
LOAD ./Drivers/STM32U5xx_HAL_Driver/Src/stm32u5xx_hal_dma_ex.o
LOAD ./Drivers/STM32U5xx_HAL_Driver/Src/stm32u5xx_hal_exti.o
LOAD ./Drivers/STM32U5xx_HAL_Driver/Src/stm32u5xx_hal_flash.o
LOAD ./Drivers/STM32U5xx_HAL_Driver/Src/stm32u5xx_hal_flash_ex.o
LOAD ./Drivers/STM32U5xx_HAL_Driver/Src/stm32u5xx_hal_gpio.o
LOAD ./Drivers/STM32U5xx_HAL_Driver/Src/stm32u5xx_hal_gtzc.o
LOAD ./Drivers/STM32U5xx_HAL_Driver/Src/stm32u5xx_hal_i2c.o
LOAD ./Drivers/STM32U5xx_HAL_Driver/Src/stm32u5xx_hal_i2c_ex.o
LOAD ./Drivers/STM32U5xx_HAL_Driver/Src/stm32u5xx_hal_icache.o
LOAD ./Drivers/STM32U5xx_HAL_Driver/Src/stm32u5xx_hal_pwr.o
LOAD ./Drivers/STM32U5xx_HAL_Driver/Src/stm32u5xx_hal_pwr_ex.o
LOAD ./Drivers/STM32U5xx_HAL_Driver/Src/stm32u5xx_hal_rcc.o
LOAD ./Drivers/STM32U5xx_HAL_Driver/Src/stm32u5xx_hal_rcc_ex.o
START GROUP
LOAD C:/ST/STM32CubeIDE_1.18.1/STM32CubeIDE/plugins/com.st.stm32cube.ide.mcu.externaltools.gnu-tools-for-stm32.13.3.rel1.win32_1.0.0.202411081344/tools/bin/../lib/gcc/arm-none-eabi/13.3.1/../../../../arm-none-eabi/lib/thumb/v8-m.main+fp/hard\libc_nano.a
LOAD C:/ST/STM32CubeIDE_1.18.1/STM32CubeIDE/plugins/com.st.stm32cube.ide.mcu.externaltools.gnu-tools-for-stm32.13.3.rel1.win32_1.0.0.202411081344/tools/bin/../lib/gcc/arm-none-eabi/13.3.1/../../../../arm-none-eabi/lib/thumb/v8-m.main+fp/hard\libm.a
END GROUP
START GROUP
LOAD C:/ST/STM32CubeIDE_1.18.1/STM32CubeIDE/plugins/com.st.stm32cube.ide.mcu.externaltools.gnu-tools-for-stm32.13.3.rel1.win32_1.0.0.202411081344/tools/bin/../lib/gcc/arm-none-eabi/13.3.1/thumb/v8-m.main+fp/hard\libgcc.a
LOAD C:/ST/STM32CubeIDE_1.18.1/STM32CubeIDE/plugins/com.st.stm32cube.ide.mcu.externaltools.gnu-tools-for-stm32.13.3.rel1.win32_1.0.0.202411081344/tools/bin/../lib/gcc/arm-none-eabi/13.3.1/../../../../arm-none-eabi/lib/thumb/v8-m.main+fp/hard\libc_nano.a
END GROUP
START GROUP
LOAD C:/ST/STM32CubeIDE_1.18.1/STM32CubeIDE/plugins/com.st.stm32cube.ide.mcu.externaltools.gnu-tools-for-stm32.13.3.rel1.win32_1.0.0.202411081344/tools/bin/../lib/gcc/arm-none-eabi/13.3.1/thumb/v8-m.main+fp/hard\libgcc.a
LOAD C:/ST/STM32CubeIDE_1.18.1/STM32CubeIDE/plugins/com.st.stm32cube.ide.mcu.externaltools.gnu-tools-for-stm32.13.3.rel1.win32_1.0.0.202411081344/tools/bin/../lib/gcc/arm-none-eabi/13.3.1/../../../../arm-none-eabi/lib/thumb/v8-m.main+fp/hard\libc_nano.a
LOAD C:/ST/STM32CubeIDE_1.18.1/STM32CubeIDE/plugins/com.st.stm32cube.ide.mcu.externaltools.gnu-tools-for-stm32.13.3.rel1.win32_1.0.0.202411081344/tools/bin/../lib/gcc/arm-none-eabi/13.3.1/../../../../arm-none-eabi/lib/thumb/v8-m.main+fp/hard\libnosys.a
END GROUP
START GROUP
LOAD C:/ST/STM32CubeIDE_1.18.1/STM32CubeIDE/plugins/com.st.stm32cube.ide.mcu.externaltools.gnu-tools-for-stm32.13.3.rel1.win32_1.0.0.202411081344/tools/bin/../lib/gcc/arm-none-eabi/13.3.1/thumb/v8-m.main+fp/hard\libgcc.a
LOAD C:/ST/STM32CubeIDE_1.18.1/STM32CubeIDE/plugins/com.st.stm32cube.ide.mcu.externaltools.gnu-tools-for-stm32.13.3.rel1.win32_1.0.0.202411081344/tools/bin/../lib/gcc/arm-none-eabi/13.3.1/../../../../arm-none-eabi/lib/thumb/v8-m.main+fp/hard\libc_nano.a
LOAD C:/ST/STM32CubeIDE_1.18.1/STM32CubeIDE/plugins/com.st.stm32cube.ide.mcu.externaltools.gnu-tools-for-stm32.13.3.rel1.win32_1.0.0.202411081344/tools/bin/../lib/gcc/arm-none-eabi/13.3.1/../../../../arm-none-eabi/lib/thumb/v8-m.main+fp/hard\libnosys.a
END GROUP
LOAD C:/ST/STM32CubeIDE_1.18.1/STM32CubeIDE/plugins/com.st.stm32cube.ide.mcu.externaltools.gnu-tools-for-stm32.13.3.rel1.win32_1.0.0.202411081344/tools/bin/../lib/gcc/arm-none-eabi/13.3.1/thumb/v8-m.main+fp/hard/crtend.o
LOAD C:/ST/STM32CubeIDE_1.18.1/STM32CubeIDE/plugins/com.st.stm32cube.ide.mcu.externaltools.gnu-tools-for-stm32.13.3.rel1.win32_1.0.0.202411081344/tools/bin/../lib/gcc/arm-none-eabi/13.3.1/thumb/v8-m.main+fp/hard/crtn.o
                0x200c0000                        _estack = (ORIGIN (RAM) + LENGTH (RAM))
                0x00000200                        _Min_Heap_Size = 0x200
                0x00000400                        _Min_Stack_Size = 0x400

.isr_vector     0x08000000      0x238
 *(.isr_vector)
 .isr_vector    0x08000000      0x238 ./Core/Startup/startup_stm32u575zitxq.o
                0x08000000                g_pfnVectors

.text           0x08000238     0x1f68
 *(.text)
 .text          0x08000238       0x40 C:/ST/STM32CubeIDE_1.18.1/STM32CubeIDE/plugins/com.st.stm32cube.ide.mcu.externaltools.gnu-tools-for-stm32.13.3.rel1.win32_1.0.0.202411081344/tools/bin/../lib/gcc/arm-none-eabi/13.3.1/thumb/v8-m.main+fp/hard/crtbegin.o
 *(.text*)
 .text.main     0x08000278       0x1c ./Core/Src/main.o
                0x08000278                main
 .text.SystemClock_Config
                0x08000294       0xe0 ./Core/Src/main.o
                0x08000294                SystemClock_Config
 .text.SystemPower_Config
                0x08000374       0x18 ./Core/Src/main.o
 .text.MX_ICACHE_Init
                0x0800038c       0x26 ./Core/Src/main.o
 *fill*         0x080003b2        0x2 
 .text.MX_GPIO_Init
                0x080003b4       0x34 ./Core/Src/main.o
 .text.Error_Handler
                0x080003e8        0xc ./Core/Src/main.o
                0x080003e8                Error_Handler
 .text.HAL_MspInit
                0x080003f4       0x34 ./Core/Src/stm32u5xx_hal_msp.o
                0x080003f4                HAL_MspInit
 .text.NMI_Handler
                0x08000428        0x8 ./Core/Src/stm32u5xx_it.o
                0x08000428                NMI_Handler
 .text.HardFault_Handler
                0x08000430        0x8 ./Core/Src/stm32u5xx_it.o
                0x08000430                HardFault_Handler
 .text.MemManage_Handler
                0x08000438        0x8 ./Core/Src/stm32u5xx_it.o
                0x08000438                MemManage_Handler
 .text.BusFault_Handler
                0x08000440        0x8 ./Core/Src/stm32u5xx_it.o
                0x08000440                BusFault_Handler
 .text.UsageFault_Handler
                0x08000448        0x8 ./Core/Src/stm32u5xx_it.o
                0x08000448                UsageFault_Handler
 .text.SVC_Handler
                0x08000450        0xe ./Core/Src/stm32u5xx_it.o
                0x08000450                SVC_Handler
 .text.DebugMon_Handler
                0x0800045e        0xe ./Core/Src/stm32u5xx_it.o
                0x0800045e                DebugMon_Handler
 .text.PendSV_Handler
                0x0800046c        0xe ./Core/Src/stm32u5xx_it.o
                0x0800046c                PendSV_Handler
 .text.SysTick_Handler
                0x0800047a        0xc ./Core/Src/stm32u5xx_it.o
                0x0800047a                SysTick_Handler
 *fill*         0x08000486        0x2 
 .text.SystemInit
                0x08000488       0x70 ./Core/Src/system_stm32u5xx.o
                0x08000488                SystemInit
 .text.Reset_Handler
                0x080004f8       0x50 ./Core/Startup/startup_stm32u575zitxq.o
                0x080004f8                Reset_Handler
 .text.Default_Handler
                0x08000548        0x2 ./Core/Startup/startup_stm32u575zitxq.o
                0x08000548                EXTI2_IRQHandler
                0x08000548                TIM8_TRG_COM_IRQHandler
                0x08000548                TIM8_CC_IRQHandler
                0x08000548                EXTI5_IRQHandler
                0x08000548                FLASH_S_IRQHandler
                0x08000548                EXTI13_IRQHandler
                0x08000548                TIM1_CC_IRQHandler
                0x08000548                TSC_IRQHandler
                0x08000548                TAMP_IRQHandler
                0x08000548                TIM6_IRQHandler
                0x08000548                EXTI12_IRQHandler
                0x08000548                CORDIC_IRQHandler
                0x08000548                EXTI3_IRQHandler
                0x08000548                LPTIM4_IRQHandler
                0x08000548                GPDMA1_Channel5_IRQHandler
                0x08000548                EXTI8_IRQHandler
                0x08000548                LPTIM2_IRQHandler
                0x08000548                I2C3_ER_IRQHandler
                0x08000548                PWR_S3WU_IRQHandler
                0x08000548                MDF1_FLT2_IRQHandler
                0x08000548                LPDMA1_Channel3_IRQHandler
                0x08000548                LPTIM3_IRQHandler
                0x08000548                EXTI0_IRQHandler
                0x08000548                I2C2_EV_IRQHandler
                0x08000548                FPU_IRQHandler
                0x08000548                GPDMA1_Channel3_IRQHandler
                0x08000548                GPDMA1_Channel7_IRQHandler
                0x08000548                MDF1_FLT4_IRQHandler
                0x08000548                FDCAN1_IT1_IRQHandler
                0x08000548                RAMCFG_IRQHandler
                0x08000548                GPDMA1_Channel9_IRQHandler
                0x08000548                DCACHE1_IRQHandler
                0x08000548                SPI1_IRQHandler
                0x08000548                OCTOSPI1_IRQHandler
                0x08000548                GPDMA1_Channel2_IRQHandler
                0x08000548                TIM8_UP_IRQHandler
                0x08000548                RCC_S_IRQHandler
                0x08000548                OCTOSPI2_IRQHandler
                0x08000548                SAI2_IRQHandler
                0x08000548                MDF1_FLT1_IRQHandler
                0x08000548                ADC1_IRQHandler
                0x08000548                MDF1_FLT5_IRQHandler
                0x08000548                EXTI15_IRQHandler
                0x08000548                TIM17_IRQHandler
                0x08000548                USART3_IRQHandler
                0x08000548                RTC_IRQHandler
                0x08000548                EXTI9_IRQHandler
                0x08000548                UART5_IRQHandler
                0x08000548                TIM4_IRQHandler
                0x08000548                I2C1_EV_IRQHandler
                0x08000548                GPDMA1_Channel12_IRQHandler
                0x08000548                GPDMA1_Channel1_IRQHandler
                0x08000548                TIM16_IRQHandler
                0x08000548                GPDMA1_Channel15_IRQHandler
                0x08000548                UART4_IRQHandler
                0x08000548                SecureFault_Handler
                0x08000548                TIM3_IRQHandler
                0x08000548                RCC_IRQHandler
                0x08000548                TIM1_TRG_COM_IRQHandler
                0x08000548                Default_Handler
                0x08000548                GPDMA1_Channel8_IRQHandler
                0x08000548                FMAC_IRQHandler
                0x08000548                GPDMA1_Channel11_IRQHandler
                0x08000548                TIM7_IRQHandler
                0x08000548                SDMMC1_IRQHandler
                0x08000548                TIM5_IRQHandler
                0x08000548                UCPD1_IRQHandler
                0x08000548                GPDMA1_Channel0_IRQHandler
                0x08000548                TIM15_IRQHandler
                0x08000548                I2C3_EV_IRQHandler
                0x08000548                LPDMA1_Channel0_IRQHandler
                0x08000548                PVD_PVM_IRQHandler
                0x08000548                SPI2_IRQHandler
                0x08000548                LPDMA1_Channel1_IRQHandler
                0x08000548                EXTI14_IRQHandler
                0x08000548                EXTI11_IRQHandler
                0x08000548                CRS_IRQHandler
                0x08000548                GPDMA1_Channel14_IRQHandler
                0x08000548                LSECSSD_IRQHandler
                0x08000548                EXTI4_IRQHandler
                0x08000548                RTC_S_IRQHandler
                0x08000548                GPDMA1_Channel13_IRQHandler
                0x08000548                RNG_IRQHandler
                0x08000548                COMP_IRQHandler
                0x08000548                TIM1_UP_IRQHandler
                0x08000548                ADC4_IRQHandler
                0x08000548                WWDG_IRQHandler
                0x08000548                I2C4_EV_IRQHandler
                0x08000548                ADF1_IRQHandler
                0x08000548                IWDG_IRQHandler
                0x08000548                LPUART1_IRQHandler
                0x08000548                MDF1_FLT0_IRQHandler
                0x08000548                FDCAN1_IT0_IRQHandler
                0x08000548                TIM2_IRQHandler
                0x08000548                GPDMA1_Channel4_IRQHandler
                0x08000548                EXTI7_IRQHandler
                0x08000548                DMA2D_IRQHandler
                0x08000548                TIM1_BRK_IRQHandler
                0x08000548                EXTI1_IRQHandler
                0x08000548                SDMMC2_IRQHandler
                0x08000548                DAC1_IRQHandler
                0x08000548                GTZC_IRQHandler
                0x08000548                MDF1_FLT3_IRQHandler
                0x08000548                USART2_IRQHandler
                0x08000548                GPDMA1_Channel6_IRQHandler
                0x08000548                I2C2_ER_IRQHandler
                0x08000548                TIM8_BRK_IRQHandler
                0x08000548                FLASH_IRQHandler
                0x08000548                USART1_IRQHandler
                0x08000548                EXTI10_IRQHandler
                0x08000548                OTG_FS_IRQHandler
                0x08000548                SPI3_IRQHandler
                0x08000548                LPDMA1_Channel2_IRQHandler
                0x08000548                I2C1_ER_IRQHandler
                0x08000548                FMC_IRQHandler
                0x08000548                EXTI6_IRQHandler
                0x08000548                LPTIM1_IRQHandler
                0x08000548                DCMI_PSSI_IRQHandler
                0x08000548                I2C4_ER_IRQHandler
                0x08000548                GPDMA1_Channel10_IRQHandler
                0x08000548                ICACHE_IRQHandler
                0x08000548                SAI1_IRQHandler
                0x08000548                HASH_IRQHandler
 *fill*         0x0800054a        0x2 
 .text.HAL_Init
                0x0800054c       0x60 ./Drivers/STM32U5xx_HAL_Driver/Src/stm32u5xx_hal.o
                0x0800054c                HAL_Init
 .text.HAL_InitTick
                0x080005ac       0xec ./Drivers/STM32U5xx_HAL_Driver/Src/stm32u5xx_hal.o
                0x080005ac                HAL_InitTick
 .text.HAL_IncTick
                0x08000698       0x28 ./Drivers/STM32U5xx_HAL_Driver/Src/stm32u5xx_hal.o
                0x08000698                HAL_IncTick
 .text.HAL_GetTick
                0x080006c0       0x18 ./Drivers/STM32U5xx_HAL_Driver/Src/stm32u5xx_hal.o
                0x080006c0                HAL_GetTick
 .text.__NVIC_SetPriorityGrouping
                0x080006d8       0x48 ./Drivers/STM32U5xx_HAL_Driver/Src/stm32u5xx_hal_cortex.o
 .text.__NVIC_GetPriorityGrouping
                0x08000720       0x1c ./Drivers/STM32U5xx_HAL_Driver/Src/stm32u5xx_hal_cortex.o
 .text.__NVIC_SetPriority
                0x0800073c       0x54 ./Drivers/STM32U5xx_HAL_Driver/Src/stm32u5xx_hal_cortex.o
 .text.NVIC_EncodePriority
                0x08000790       0x66 ./Drivers/STM32U5xx_HAL_Driver/Src/stm32u5xx_hal_cortex.o
 .text.HAL_NVIC_SetPriorityGrouping
                0x080007f6       0x16 ./Drivers/STM32U5xx_HAL_Driver/Src/stm32u5xx_hal_cortex.o
                0x080007f6                HAL_NVIC_SetPriorityGrouping
 .text.HAL_NVIC_SetPriority
                0x0800080c       0x34 ./Drivers/STM32U5xx_HAL_Driver/Src/stm32u5xx_hal_cortex.o
                0x0800080c                HAL_NVIC_SetPriority
 .text.HAL_SYSTICK_Config
                0x08000840       0x44 ./Drivers/STM32U5xx_HAL_Driver/Src/stm32u5xx_hal_cortex.o
                0x08000840                HAL_SYSTICK_Config
 .text.HAL_SYSTICK_CLKSourceConfig
                0x08000884       0xb0 ./Drivers/STM32U5xx_HAL_Driver/Src/stm32u5xx_hal_cortex.o
                0x08000884                HAL_SYSTICK_CLKSourceConfig
 .text.HAL_SYSTICK_GetCLKSourceConfig
                0x08000934       0x74 ./Drivers/STM32U5xx_HAL_Driver/Src/stm32u5xx_hal_cortex.o
                0x08000934                HAL_SYSTICK_GetCLKSourceConfig
 .text.HAL_ICACHE_ConfigAssociativityMode
                0x080009a8       0x40 ./Drivers/STM32U5xx_HAL_Driver/Src/stm32u5xx_hal_icache.o
                0x080009a8                HAL_ICACHE_ConfigAssociativityMode
 .text.HAL_ICACHE_Enable
                0x080009e8       0x20 ./Drivers/STM32U5xx_HAL_Driver/Src/stm32u5xx_hal_icache.o
                0x080009e8                HAL_ICACHE_Enable
 .text.HAL_PWR_EnableBkUpAccess
                0x08000a08       0x20 ./Drivers/STM32U5xx_HAL_Driver/Src/stm32u5xx_hal_pwr.o
                0x08000a08                HAL_PWR_EnableBkUpAccess
 .text.HAL_PWREx_ControlVoltageScaling
                0x08000a28       0xfc ./Drivers/STM32U5xx_HAL_Driver/Src/stm32u5xx_hal_pwr_ex.o
                0x08000a28                HAL_PWREx_ControlVoltageScaling
 .text.HAL_PWREx_GetVoltageRange
                0x08000b24       0x1c ./Drivers/STM32U5xx_HAL_Driver/Src/stm32u5xx_hal_pwr_ex.o
                0x08000b24                HAL_PWREx_GetVoltageRange
 .text.HAL_PWREx_ConfigSupply
                0x08000b40       0xa0 ./Drivers/STM32U5xx_HAL_Driver/Src/stm32u5xx_hal_pwr_ex.o
                0x08000b40                HAL_PWREx_ConfigSupply
 .text.HAL_RCC_OscConfig
                0x08000be0      0xdb8 ./Drivers/STM32U5xx_HAL_Driver/Src/stm32u5xx_hal_rcc.o
                0x08000be0                HAL_RCC_OscConfig
 .text.HAL_RCC_ClockConfig
                0x08001998      0x3e4 ./Drivers/STM32U5xx_HAL_Driver/Src/stm32u5xx_hal_rcc.o
                0x08001998                HAL_RCC_ClockConfig
 .text.HAL_RCC_GetSysClockFreq
                0x08001d7c      0x204 ./Drivers/STM32U5xx_HAL_Driver/Src/stm32u5xx_hal_rcc.o
                0x08001d7c                HAL_RCC_GetSysClockFreq
 .text.HAL_RCC_GetHCLKFreq
                0x08001f80       0x34 ./Drivers/STM32U5xx_HAL_Driver/Src/stm32u5xx_hal_rcc.o
                0x08001f80                HAL_RCC_GetHCLKFreq
 .text.RCC_SetFlashLatencyFromMSIRange
                0x08001fb4      0x10c ./Drivers/STM32U5xx_HAL_Driver/Src/stm32u5xx_hal_rcc.o
 .text.HAL_RCCEx_EnableMSIPLLModeSelection
                0x080020c0       0x50 ./Drivers/STM32U5xx_HAL_Driver/Src/stm32u5xx_hal_rcc_ex.o
                0x080020c0                HAL_RCCEx_EnableMSIPLLModeSelection
 .text.HAL_RCCEx_EnableMSIPLLMode
                0x08002110       0x20 ./Drivers/STM32U5xx_HAL_Driver/Src/stm32u5xx_hal_rcc_ex.o
                0x08002110                HAL_RCCEx_EnableMSIPLLMode
 .text.memset   0x08002130       0x10 C:/ST/STM32CubeIDE_1.18.1/STM32CubeIDE/plugins/com.st.stm32cube.ide.mcu.externaltools.gnu-tools-for-stm32.13.3.rel1.win32_1.0.0.202411081344/tools/bin/../lib/gcc/arm-none-eabi/13.3.1/../../../../arm-none-eabi/lib/thumb/v8-m.main+fp/hard\libc_nano.a(libc_a-memset.o)
                0x08002130                memset
 .text.__libc_init_array
                0x08002140       0x48 C:/ST/STM32CubeIDE_1.18.1/STM32CubeIDE/plugins/com.st.stm32cube.ide.mcu.externaltools.gnu-tools-for-stm32.13.3.rel1.win32_1.0.0.202411081344/tools/bin/../lib/gcc/arm-none-eabi/13.3.1/../../../../arm-none-eabi/lib/thumb/v8-m.main+fp/hard\libc_nano.a(libc_a-init.o)
                0x08002140                __libc_init_array
 *(.glue_7)
 .glue_7        0x08002188        0x0 linker stubs
 *(.glue_7t)
 .glue_7t       0x08002188        0x0 linker stubs
 *(.eh_frame)
 .eh_frame      0x08002188        0x0 C:/ST/STM32CubeIDE_1.18.1/STM32CubeIDE/plugins/com.st.stm32cube.ide.mcu.externaltools.gnu-tools-for-stm32.13.3.rel1.win32_1.0.0.202411081344/tools/bin/../lib/gcc/arm-none-eabi/13.3.1/thumb/v8-m.main+fp/hard/crtbegin.o
 *(.init)
 .init          0x08002188        0x4 C:/ST/STM32CubeIDE_1.18.1/STM32CubeIDE/plugins/com.st.stm32cube.ide.mcu.externaltools.gnu-tools-for-stm32.13.3.rel1.win32_1.0.0.202411081344/tools/bin/../lib/gcc/arm-none-eabi/13.3.1/thumb/v8-m.main+fp/hard/crti.o
                0x08002188                _init
 .init          0x0800218c        0x8 C:/ST/STM32CubeIDE_1.18.1/STM32CubeIDE/plugins/com.st.stm32cube.ide.mcu.externaltools.gnu-tools-for-stm32.13.3.rel1.win32_1.0.0.202411081344/tools/bin/../lib/gcc/arm-none-eabi/13.3.1/thumb/v8-m.main+fp/hard/crtn.o
 *(.fini)
 .fini          0x08002194        0x4 C:/ST/STM32CubeIDE_1.18.1/STM32CubeIDE/plugins/com.st.stm32cube.ide.mcu.externaltools.gnu-tools-for-stm32.13.3.rel1.win32_1.0.0.202411081344/tools/bin/../lib/gcc/arm-none-eabi/13.3.1/thumb/v8-m.main+fp/hard/crti.o
                0x08002194                _fini
 .fini          0x08002198        0x8 C:/ST/STM32CubeIDE_1.18.1/STM32CubeIDE/plugins/com.st.stm32cube.ide.mcu.externaltools.gnu-tools-for-stm32.13.3.rel1.win32_1.0.0.202411081344/tools/bin/../lib/gcc/arm-none-eabi/13.3.1/thumb/v8-m.main+fp/hard/crtn.o
                0x080021a0                        _etext = .

.vfp11_veneer   0x080021a0        0x0
 .vfp11_veneer  0x080021a0        0x0 linker stubs

.v4_bx          0x080021a0        0x0
 .v4_bx         0x080021a0        0x0 linker stubs

.iplt           0x080021a0        0x0
 .iplt          0x080021a0        0x0 C:/ST/STM32CubeIDE_1.18.1/STM32CubeIDE/plugins/com.st.stm32cube.ide.mcu.externaltools.gnu-tools-for-stm32.13.3.rel1.win32_1.0.0.202411081344/tools/bin/../lib/gcc/arm-none-eabi/13.3.1/thumb/v8-m.main+fp/hard/crtbegin.o

.rodata         0x080021a0       0x50
 *(.rodata)
 *(.rodata*)
 .rodata.AHBPrescTable
                0x080021a0       0x10 ./Core/Src/system_stm32u5xx.o
                0x080021a0                AHBPrescTable
 .rodata.MSIRangeTable
                0x080021b0       0x40 ./Core/Src/system_stm32u5xx.o
                0x080021b0                MSIRangeTable

.ARM.extab
 *(.ARM.extab* .gnu.linkonce.armextab.*)

.ARM            0x080021f0        0x0
                0x080021f0                        __exidx_start = .
 *(.ARM.exidx*)
                0x080021f0                        __exidx_end = .

.preinit_array  0x080021f0        0x0
                0x080021f0                        PROVIDE (__preinit_array_start = .)
 *(.preinit_array*)
                0x080021f0                        PROVIDE (__preinit_array_end = .)

.init_array     0x080021f0        0x4
                0x080021f0                        PROVIDE (__init_array_start = .)
 *(SORT_BY_NAME(.init_array.*))
 *(.init_array*)
 .init_array    0x080021f0        0x4 C:/ST/STM32CubeIDE_1.18.1/STM32CubeIDE/plugins/com.st.stm32cube.ide.mcu.externaltools.gnu-tools-for-stm32.13.3.rel1.win32_1.0.0.202411081344/tools/bin/../lib/gcc/arm-none-eabi/13.3.1/thumb/v8-m.main+fp/hard/crtbegin.o
                0x080021f4                        PROVIDE (__init_array_end = .)

.fini_array     0x080021f4        0x4
                [!provide]                        PROVIDE (__fini_array_start = .)
 *(SORT_BY_NAME(.fini_array.*))
 *(.fini_array*)
 .fini_array    0x080021f4        0x4 C:/ST/STM32CubeIDE_1.18.1/STM32CubeIDE/plugins/com.st.stm32cube.ide.mcu.externaltools.gnu-tools-for-stm32.13.3.rel1.win32_1.0.0.202411081344/tools/bin/../lib/gcc/arm-none-eabi/13.3.1/thumb/v8-m.main+fp/hard/crtbegin.o
                [!provide]                        PROVIDE (__fini_array_end = .)
                0x080021f8                        _sidata = LOADADDR (.data)

.rel.dyn        0x080021f8        0x0
 .rel.iplt      0x080021f8        0x0 C:/ST/STM32CubeIDE_1.18.1/STM32CubeIDE/plugins/com.st.stm32cube.ide.mcu.externaltools.gnu-tools-for-stm32.13.3.rel1.win32_1.0.0.202411081344/tools/bin/../lib/gcc/arm-none-eabi/13.3.1/thumb/v8-m.main+fp/hard/crtbegin.o

.data           0x20000000        0x9 load address 0x080021f8
                0x20000000                        _sdata = .
 *(.data)
 *(.data*)
 .data.SystemCoreClock
                0x20000000        0x4 ./Core/Src/system_stm32u5xx.o
                0x20000000                SystemCoreClock
 .data.uwTickPrio
                0x20000004        0x4 ./Drivers/STM32U5xx_HAL_Driver/Src/stm32u5xx_hal.o
                0x20000004                uwTickPrio
 .data.uwTickFreq
                0x20000008        0x1 ./Drivers/STM32U5xx_HAL_Driver/Src/stm32u5xx_hal.o
                0x20000008                uwTickFreq
 *(.RamFunc)
 *(.RamFunc*)
                0x20000009                        _edata = .

.igot.plt       0x2000000c        0x0 load address 0x08002201
 .igot.plt      0x2000000c        0x0 C:/ST/STM32CubeIDE_1.18.1/STM32CubeIDE/plugins/com.st.stm32cube.ide.mcu.externaltools.gnu-tools-for-stm32.13.3.rel1.win32_1.0.0.202411081344/tools/bin/../lib/gcc/arm-none-eabi/13.3.1/thumb/v8-m.main+fp/hard/crtbegin.o

.bss            0x2000000c       0x20 load address 0x08002201
                0x2000000c                        _sbss = .
                0x2000000c                        __bss_start__ = _sbss
 *(.bss)
 .bss           0x2000000c       0x1c C:/ST/STM32CubeIDE_1.18.1/STM32CubeIDE/plugins/com.st.stm32cube.ide.mcu.externaltools.gnu-tools-for-stm32.13.3.rel1.win32_1.0.0.202411081344/tools/bin/../lib/gcc/arm-none-eabi/13.3.1/thumb/v8-m.main+fp/hard/crtbegin.o
 *(.bss*)
 .bss.uwTick    0x20000028        0x4 ./Drivers/STM32U5xx_HAL_Driver/Src/stm32u5xx_hal.o
                0x20000028                uwTick
 *(COMMON)
                0x2000002c                        _ebss = .
                0x2000002c                        __bss_end__ = _ebss

._user_heap_stack
                0x2000002c      0x604 load address 0x08002201
                0x20000030                        . = ALIGN (0x8)
 *fill*         0x2000002c        0x4 
                [!provide]                        PROVIDE (end = .)
                0x20000030                        PROVIDE (_end = .)
                0x20000230                        . = (. + _Min_Heap_Size)
 *fill*         0x20000030      0x200 
                0x20000630                        . = (. + _Min_Stack_Size)
 *fill*         0x20000230      0x400 
                0x20000630                        . = ALIGN (0x8)

/DISCARD/
 libc.a(*)
 libm.a(*)
 libgcc.a(*)

.ARM.attributes
                0x00000000       0x36
 *(.ARM.attributes)
 .ARM.attributes
                0x00000000       0x26 C:/ST/STM32CubeIDE_1.18.1/STM32CubeIDE/plugins/com.st.stm32cube.ide.mcu.externaltools.gnu-tools-for-stm32.13.3.rel1.win32_1.0.0.202411081344/tools/bin/../lib/gcc/arm-none-eabi/13.3.1/thumb/v8-m.main+fp/hard/crti.o
 .ARM.attributes
                0x00000026       0x38 C:/ST/STM32CubeIDE_1.18.1/STM32CubeIDE/plugins/com.st.stm32cube.ide.mcu.externaltools.gnu-tools-for-stm32.13.3.rel1.win32_1.0.0.202411081344/tools/bin/../lib/gcc/arm-none-eabi/13.3.1/thumb/v8-m.main+fp/hard/crtbegin.o
 .ARM.attributes
                0x0000005e       0x3a ./Core/Src/main.o
 .ARM.attributes
                0x00000098       0x3a ./Core/Src/stm32u5xx_hal_msp.o
 .ARM.attributes
                0x000000d2       0x3a ./Core/Src/stm32u5xx_it.o
 .ARM.attributes
                0x0000010c       0x3a ./Core/Src/system_stm32u5xx.o
 .ARM.attributes
                0x00000146       0x24 ./Core/Startup/startup_stm32u575zitxq.o
 .ARM.attributes
                0x0000016a       0x3a ./Drivers/STM32U5xx_HAL_Driver/Src/stm32u5xx_hal.o
 .ARM.attributes
                0x000001a4       0x3a ./Drivers/STM32U5xx_HAL_Driver/Src/stm32u5xx_hal_cortex.o
 .ARM.attributes
                0x000001de       0x3a ./Drivers/STM32U5xx_HAL_Driver/Src/stm32u5xx_hal_icache.o
 .ARM.attributes
                0x00000218       0x3a ./Drivers/STM32U5xx_HAL_Driver/Src/stm32u5xx_hal_pwr.o
 .ARM.attributes
                0x00000252       0x3a ./Drivers/STM32U5xx_HAL_Driver/Src/stm32u5xx_hal_pwr_ex.o
 .ARM.attributes
                0x0000028c       0x3a ./Drivers/STM32U5xx_HAL_Driver/Src/stm32u5xx_hal_rcc.o
 .ARM.attributes
                0x000002c6       0x3a ./Drivers/STM32U5xx_HAL_Driver/Src/stm32u5xx_hal_rcc_ex.o
 .ARM.attributes
                0x00000300       0x38 C:/ST/STM32CubeIDE_1.18.1/STM32CubeIDE/plugins/com.st.stm32cube.ide.mcu.externaltools.gnu-tools-for-stm32.13.3.rel1.win32_1.0.0.202411081344/tools/bin/../lib/gcc/arm-none-eabi/13.3.1/../../../../arm-none-eabi/lib/thumb/v8-m.main+fp/hard\libc_nano.a(libc_a-memset.o)
 .ARM.attributes
                0x00000338       0x38 C:/ST/STM32CubeIDE_1.18.1/STM32CubeIDE/plugins/com.st.stm32cube.ide.mcu.externaltools.gnu-tools-for-stm32.13.3.rel1.win32_1.0.0.202411081344/tools/bin/../lib/gcc/arm-none-eabi/13.3.1/../../../../arm-none-eabi/lib/thumb/v8-m.main+fp/hard\libc_nano.a(libc_a-init.o)
 .ARM.attributes
                0x00000370       0x26 C:/ST/STM32CubeIDE_1.18.1/STM32CubeIDE/plugins/com.st.stm32cube.ide.mcu.externaltools.gnu-tools-for-stm32.13.3.rel1.win32_1.0.0.202411081344/tools/bin/../lib/gcc/arm-none-eabi/13.3.1/thumb/v8-m.main+fp/hard/crtn.o
OUTPUT(template1.elf elf32-littlearm)
LOAD linker stubs
LOAD C:/ST/STM32CubeIDE_1.18.1/STM32CubeIDE/plugins/com.st.stm32cube.ide.mcu.externaltools.gnu-tools-for-stm32.13.3.rel1.win32_1.0.0.202411081344/tools/bin/../lib/gcc/arm-none-eabi/13.3.1/../../../../arm-none-eabi/lib/thumb/v8-m.main+fp/hard\libc.a
LOAD C:/ST/STM32CubeIDE_1.18.1/STM32CubeIDE/plugins/com.st.stm32cube.ide.mcu.externaltools.gnu-tools-for-stm32.13.3.rel1.win32_1.0.0.202411081344/tools/bin/../lib/gcc/arm-none-eabi/13.3.1/../../../../arm-none-eabi/lib/thumb/v8-m.main+fp/hard\libm.a
LOAD C:/ST/STM32CubeIDE_1.18.1/STM32CubeIDE/plugins/com.st.stm32cube.ide.mcu.externaltools.gnu-tools-for-stm32.13.3.rel1.win32_1.0.0.202411081344/tools/bin/../lib/gcc/arm-none-eabi/13.3.1/thumb/v8-m.main+fp/hard\libgcc.a

.debug_info     0x00000000     0x82c4
 .debug_info    0x00000000      0x73f ./Core/Src/main.o
 .debug_info    0x0000073f      0x40c ./Core/Src/stm32u5xx_hal_msp.o
 .debug_info    0x00000b4b      0x128 ./Core/Src/stm32u5xx_it.o
 .debug_info    0x00000c73      0x929 ./Core/Src/system_stm32u5xx.o
 .debug_info    0x0000159c       0x30 ./Core/Startup/startup_stm32u575zitxq.o
 .debug_info    0x000015cc     0x11dd ./Drivers/STM32U5xx_HAL_Driver/Src/stm32u5xx_hal.o
 .debug_info    0x000027a9     0x163a ./Drivers/STM32U5xx_HAL_Driver/Src/stm32u5xx_hal_cortex.o
 .debug_info    0x00003de3      0x4d6 ./Drivers/STM32U5xx_HAL_Driver/Src/stm32u5xx_hal_icache.o
 .debug_info    0x000042b9      0xa5e ./Drivers/STM32U5xx_HAL_Driver/Src/stm32u5xx_hal_pwr.o
 .debug_info    0x00004d17      0xe3e ./Drivers/STM32U5xx_HAL_Driver/Src/stm32u5xx_hal_pwr_ex.o
 .debug_info    0x00005b55     0x11f0 ./Drivers/STM32U5xx_HAL_Driver/Src/stm32u5xx_hal_rcc.o
 .debug_info    0x00006d45     0x157f ./Drivers/STM32U5xx_HAL_Driver/Src/stm32u5xx_hal_rcc_ex.o

.debug_abbrev   0x00000000     0x160e
 .debug_abbrev  0x00000000      0x240 ./Core/Src/main.o
 .debug_abbrev  0x00000240       0xde ./Core/Src/stm32u5xx_hal_msp.o
 .debug_abbrev  0x0000031e       0x73 ./Core/Src/stm32u5xx_it.o
 .debug_abbrev  0x00000391      0x129 ./Core/Src/system_stm32u5xx.o
 .debug_abbrev  0x000004ba       0x24 ./Core/Startup/startup_stm32u575zitxq.o
 .debug_abbrev  0x000004de      0x2a5 ./Drivers/STM32U5xx_HAL_Driver/Src/stm32u5xx_hal.o
 .debug_abbrev  0x00000783      0x311 ./Drivers/STM32U5xx_HAL_Driver/Src/stm32u5xx_hal_cortex.o
 .debug_abbrev  0x00000a94      0x228 ./Drivers/STM32U5xx_HAL_Driver/Src/stm32u5xx_hal_icache.o
 .debug_abbrev  0x00000cbc      0x235 ./Drivers/STM32U5xx_HAL_Driver/Src/stm32u5xx_hal_pwr.o
 .debug_abbrev  0x00000ef1      0x215 ./Drivers/STM32U5xx_HAL_Driver/Src/stm32u5xx_hal_pwr_ex.o
 .debug_abbrev  0x00001106      0x2cb ./Drivers/STM32U5xx_HAL_Driver/Src/stm32u5xx_hal_rcc.o
 .debug_abbrev  0x000013d1      0x23d ./Drivers/STM32U5xx_HAL_Driver/Src/stm32u5xx_hal_rcc_ex.o

.debug_aranges  0x00000000      0x900
 .debug_aranges
                0x00000000       0x48 ./Core/Src/main.o
 .debug_aranges
                0x00000048       0x20 ./Core/Src/stm32u5xx_hal_msp.o
 .debug_aranges
                0x00000068       0x60 ./Core/Src/stm32u5xx_it.o
 .debug_aranges
                0x000000c8       0x28 ./Core/Src/system_stm32u5xx.o
 .debug_aranges
                0x000000f0       0x28 ./Core/Startup/startup_stm32u575zitxq.o
 .debug_aranges
                0x00000118      0x148 ./Drivers/STM32U5xx_HAL_Driver/Src/stm32u5xx_hal.o
 .debug_aranges
                0x00000260      0x140 ./Drivers/STM32U5xx_HAL_Driver/Src/stm32u5xx_hal_cortex.o
 .debug_aranges
                0x000003a0       0xa8 ./Drivers/STM32U5xx_HAL_Driver/Src/stm32u5xx_hal_icache.o
 .debug_aranges
                0x00000448       0xb0 ./Drivers/STM32U5xx_HAL_Driver/Src/stm32u5xx_hal_pwr.o
 .debug_aranges
                0x000004f8      0x200 ./Drivers/STM32U5xx_HAL_Driver/Src/stm32u5xx_hal_pwr_ex.o
 .debug_aranges
                0x000006f8       0xa8 ./Drivers/STM32U5xx_HAL_Driver/Src/stm32u5xx_hal_rcc.o
 .debug_aranges
                0x000007a0      0x160 ./Drivers/STM32U5xx_HAL_Driver/Src/stm32u5xx_hal_rcc_ex.o

.debug_rnglists
                0x00000000      0x6ac
 .debug_rnglists
                0x00000000       0x32 ./Core/Src/main.o
 .debug_rnglists
                0x00000032       0x13 ./Core/Src/stm32u5xx_hal_msp.o
 .debug_rnglists
                0x00000045       0x43 ./Core/Src/stm32u5xx_it.o
 .debug_rnglists
                0x00000088       0x1a ./Core/Src/system_stm32u5xx.o
 .debug_rnglists
                0x000000a2       0x19 ./Core/Startup/startup_stm32u575zitxq.o
 .debug_rnglists
                0x000000bb       0xf3 ./Drivers/STM32U5xx_HAL_Driver/Src/stm32u5xx_hal.o
 .debug_rnglists
                0x000001ae       0xec ./Drivers/STM32U5xx_HAL_Driver/Src/stm32u5xx_hal_cortex.o
 .debug_rnglists
                0x0000029a       0x7a ./Drivers/STM32U5xx_HAL_Driver/Src/stm32u5xx_hal_icache.o
 .debug_rnglists
                0x00000314       0x80 ./Drivers/STM32U5xx_HAL_Driver/Src/stm32u5xx_hal_pwr.o
 .debug_rnglists
                0x00000394      0x186 ./Drivers/STM32U5xx_HAL_Driver/Src/stm32u5xx_hal_pwr_ex.o
 .debug_rnglists
                0x0000051a       0x7f ./Drivers/STM32U5xx_HAL_Driver/Src/stm32u5xx_hal_rcc.o
 .debug_rnglists
                0x00000599      0x113 ./Drivers/STM32U5xx_HAL_Driver/Src/stm32u5xx_hal_rcc_ex.o

.debug_macro    0x00000000    0x2fb85
 .debug_macro   0x00000000      0x259 ./Core/Src/main.o
 .debug_macro   0x00000259      0xade ./Core/Src/main.o
 .debug_macro   0x00000d37      0x1f5 ./Core/Src/main.o
 .debug_macro   0x00000f2c       0x2e ./Core/Src/main.o
 .debug_macro   0x00000f5a       0x42 ./Core/Src/main.o
 .debug_macro   0x00000f9c       0x22 ./Core/Src/main.o
 .debug_macro   0x00000fbe       0x8e ./Core/Src/main.o
 .debug_macro   0x0000104c       0x51 ./Core/Src/main.o
 .debug_macro   0x0000109d      0x103 ./Core/Src/main.o
 .debug_macro   0x000011a0       0x6a ./Core/Src/main.o
 .debug_macro   0x0000120a      0x1df ./Core/Src/main.o
 .debug_macro   0x000013e9       0x1c ./Core/Src/main.o
 .debug_macro   0x00001405       0x29 ./Core/Src/main.o
 .debug_macro   0x0000142e       0xfb ./Core/Src/main.o
 .debug_macro   0x00001529     0x1685 ./Core/Src/main.o
 .debug_macro   0x00002bae       0x5e ./Core/Src/main.o
 .debug_macro   0x00002c0c    0x2279e ./Core/Src/main.o
 .debug_macro   0x000253aa       0x6d ./Core/Src/main.o
 .debug_macro   0x00025417     0x393e ./Core/Src/main.o
 .debug_macro   0x00028d55      0x190 ./Core/Src/main.o
 .debug_macro   0x00028ee5       0x61 ./Core/Src/main.o
 .debug_macro   0x00028f46       0x2a ./Core/Src/main.o
 .debug_macro   0x00028f70       0x43 ./Core/Src/main.o
 .debug_macro   0x00028fb3       0x34 ./Core/Src/main.o
 .debug_macro   0x00028fe7      0x370 ./Core/Src/main.o
 .debug_macro   0x00029357       0x16 ./Core/Src/main.o
 .debug_macro   0x0002936d       0x4a ./Core/Src/main.o
 .debug_macro   0x000293b7       0x34 ./Core/Src/main.o
 .debug_macro   0x000293eb       0x10 ./Core/Src/main.o
 .debug_macro   0x000293fb       0x58 ./Core/Src/main.o
 .debug_macro   0x00029453       0x8e ./Core/Src/main.o
 .debug_macro   0x000294e1       0x1c ./Core/Src/main.o
 .debug_macro   0x000294fd      0x185 ./Core/Src/main.o
 .debug_macro   0x00029682      0x19b ./Core/Src/main.o
 .debug_macro   0x0002981d       0x5d ./Core/Src/main.o
 .debug_macro   0x0002987a     0x1ae5 ./Core/Src/main.o
 .debug_macro   0x0002b35f      0x7dc ./Core/Src/main.o
 .debug_macro   0x0002bb3b      0x166 ./Core/Src/main.o
 .debug_macro   0x0002bca1      0x2aa ./Core/Src/main.o
 .debug_macro   0x0002bf4b       0xc9 ./Core/Src/main.o
 .debug_macro   0x0002c014      0x5a5 ./Core/Src/main.o
 .debug_macro   0x0002c5b9      0x439 ./Core/Src/main.o
 .debug_macro   0x0002c9f2       0xd6 ./Core/Src/main.o
 .debug_macro   0x0002cac8      0x1cd ./Core/Src/main.o
 .debug_macro   0x0002cc95      0x432 ./Core/Src/main.o
 .debug_macro   0x0002d0c7       0x95 ./Core/Src/main.o
 .debug_macro   0x0002d15c      0x11c ./Core/Src/main.o
 .debug_macro   0x0002d278      0x525 ./Core/Src/main.o
 .debug_macro   0x0002d79d      0x4bf ./Core/Src/main.o
 .debug_macro   0x0002dc5c      0x1c0 ./Core/Src/main.o
 .debug_macro   0x0002de1c      0x361 ./Core/Src/main.o
 .debug_macro   0x0002e17d      0x259 ./Core/Src/stm32u5xx_hal_msp.o
 .debug_macro   0x0002e3d6      0x263 ./Core/Src/stm32u5xx_it.o
 .debug_macro   0x0002e639      0x256 ./Core/Src/system_stm32u5xx.o
 .debug_macro   0x0002e88f      0x273 ./Drivers/STM32U5xx_HAL_Driver/Src/stm32u5xx_hal.o
 .debug_macro   0x0002eb02      0x24f ./Drivers/STM32U5xx_HAL_Driver/Src/stm32u5xx_hal_cortex.o
 .debug_macro   0x0002ed51      0x281 ./Drivers/STM32U5xx_HAL_Driver/Src/stm32u5xx_hal_icache.o
 .debug_macro   0x0002efd2      0x26b ./Drivers/STM32U5xx_HAL_Driver/Src/stm32u5xx_hal_pwr.o
 .debug_macro   0x0002f23d      0x27a ./Drivers/STM32U5xx_HAL_Driver/Src/stm32u5xx_hal_pwr_ex.o
 .debug_macro   0x0002f4b7      0x355 ./Drivers/STM32U5xx_HAL_Driver/Src/stm32u5xx_hal_rcc.o
 .debug_macro   0x0002f80c      0x379 ./Drivers/STM32U5xx_HAL_Driver/Src/stm32u5xx_hal_rcc_ex.o

.debug_line     0x00000000     0xa08d
 .debug_line    0x00000000      0x930 ./Core/Src/main.o
 .debug_line    0x00000930      0x82f ./Core/Src/stm32u5xx_hal_msp.o
 .debug_line    0x0000115f      0x8df ./Core/Src/stm32u5xx_it.o
 .debug_line    0x00001a3e      0x934 ./Core/Src/system_stm32u5xx.o
 .debug_line    0x00002372       0x79 ./Core/Startup/startup_stm32u575zitxq.o
 .debug_line    0x000023eb      0xcd3 ./Drivers/STM32U5xx_HAL_Driver/Src/stm32u5xx_hal.o
 .debug_line    0x000030be      0xe83 ./Drivers/STM32U5xx_HAL_Driver/Src/stm32u5xx_hal_cortex.o
 .debug_line    0x00003f41      0xb26 ./Drivers/STM32U5xx_HAL_Driver/Src/stm32u5xx_hal_icache.o
 .debug_line    0x00004a67      0xacd ./Drivers/STM32U5xx_HAL_Driver/Src/stm32u5xx_hal_pwr.o
 .debug_line    0x00005534     0x11ae ./Drivers/STM32U5xx_HAL_Driver/Src/stm32u5xx_hal_pwr_ex.o
 .debug_line    0x000066e2     0x16c0 ./Drivers/STM32U5xx_HAL_Driver/Src/stm32u5xx_hal_rcc.o
 .debug_line    0x00007da2     0x22eb ./Drivers/STM32U5xx_HAL_Driver/Src/stm32u5xx_hal_rcc_ex.o

.debug_str      0x00000000   0x12bc01
 .debug_str     0x00000000   0x12bc01 ./Core/Src/main.o
                             0x12645f (size before relaxing)
 .debug_str     0x0012bc01   0x12614e ./Core/Src/stm32u5xx_hal_msp.o
 .debug_str     0x0012bc01   0x125f9b ./Core/Src/stm32u5xx_it.o
 .debug_str     0x0012bc01   0x1262f1 ./Core/Src/system_stm32u5xx.o
 .debug_str     0x0012bc01       0x73 ./Core/Startup/startup_stm32u575zitxq.o
 .debug_str     0x0012bc01   0x127156 ./Drivers/STM32U5xx_HAL_Driver/Src/stm32u5xx_hal.o
 .debug_str     0x0012bc01   0x126f36 ./Drivers/STM32U5xx_HAL_Driver/Src/stm32u5xx_hal_cortex.o
 .debug_str     0x0012bc01   0x126613 ./Drivers/STM32U5xx_HAL_Driver/Src/stm32u5xx_hal_icache.o
 .debug_str     0x0012bc01   0x126485 ./Drivers/STM32U5xx_HAL_Driver/Src/stm32u5xx_hal_pwr.o
 .debug_str     0x0012bc01   0x126a31 ./Drivers/STM32U5xx_HAL_Driver/Src/stm32u5xx_hal_pwr_ex.o
 .debug_str     0x0012bc01   0x1279e6 ./Drivers/STM32U5xx_HAL_Driver/Src/stm32u5xx_hal_rcc.o
 .debug_str     0x0012bc01   0x128c49 ./Drivers/STM32U5xx_HAL_Driver/Src/stm32u5xx_hal_rcc_ex.o

.comment        0x00000000       0x43
 .comment       0x00000000       0x43 ./Core/Src/main.o
                                 0x44 (size before relaxing)
 .comment       0x00000043       0x44 ./Core/Src/stm32u5xx_hal_msp.o
 .comment       0x00000043       0x44 ./Core/Src/stm32u5xx_it.o
 .comment       0x00000043       0x44 ./Core/Src/system_stm32u5xx.o
 .comment       0x00000043       0x44 ./Drivers/STM32U5xx_HAL_Driver/Src/stm32u5xx_hal.o
 .comment       0x00000043       0x44 ./Drivers/STM32U5xx_HAL_Driver/Src/stm32u5xx_hal_cortex.o
 .comment       0x00000043       0x44 ./Drivers/STM32U5xx_HAL_Driver/Src/stm32u5xx_hal_icache.o
 .comment       0x00000043       0x44 ./Drivers/STM32U5xx_HAL_Driver/Src/stm32u5xx_hal_pwr.o
 .comment       0x00000043       0x44 ./Drivers/STM32U5xx_HAL_Driver/Src/stm32u5xx_hal_pwr_ex.o
 .comment       0x00000043       0x44 ./Drivers/STM32U5xx_HAL_Driver/Src/stm32u5xx_hal_rcc.o
 .comment       0x00000043       0x44 ./Drivers/STM32U5xx_HAL_Driver/Src/stm32u5xx_hal_rcc_ex.o

.debug_frame    0x00000000     0x2314
 .debug_frame   0x00000000       0xcc ./Core/Src/main.o
 .debug_frame   0x000000cc       0x38 ./Core/Src/stm32u5xx_hal_msp.o
 .debug_frame   0x00000104      0x104 ./Core/Src/stm32u5xx_it.o
 .debug_frame   0x00000208       0x58 ./Core/Src/system_stm32u5xx.o
 .debug_frame   0x00000260      0x500 ./Drivers/STM32U5xx_HAL_Driver/Src/stm32u5xx_hal.o
 .debug_frame   0x00000760      0x560 ./Drivers/STM32U5xx_HAL_Driver/Src/stm32u5xx_hal_cortex.o
 .debug_frame   0x00000cc0      0x298 ./Drivers/STM32U5xx_HAL_Driver/Src/stm32u5xx_hal_icache.o
 .debug_frame   0x00000f58      0x2ac ./Drivers/STM32U5xx_HAL_Driver/Src/stm32u5xx_hal_pwr.o
 .debug_frame   0x00001204      0x84c ./Drivers/STM32U5xx_HAL_Driver/Src/stm32u5xx_hal_pwr_ex.o
 .debug_frame   0x00001a50      0x288 ./Drivers/STM32U5xx_HAL_Driver/Src/stm32u5xx_hal_rcc.o
 .debug_frame   0x00001cd8      0x5f0 ./Drivers/STM32U5xx_HAL_Driver/Src/stm32u5xx_hal_rcc_ex.o
 .debug_frame   0x000022c8       0x20 C:/ST/STM32CubeIDE_1.18.1/STM32CubeIDE/plugins/com.st.stm32cube.ide.mcu.externaltools.gnu-tools-for-stm32.13.3.rel1.win32_1.0.0.202411081344/tools/bin/../lib/gcc/arm-none-eabi/13.3.1/../../../../arm-none-eabi/lib/thumb/v8-m.main+fp/hard\libc_nano.a(libc_a-memset.o)
 .debug_frame   0x000022e8       0x2c C:/ST/STM32CubeIDE_1.18.1/STM32CubeIDE/plugins/com.st.stm32cube.ide.mcu.externaltools.gnu-tools-for-stm32.13.3.rel1.win32_1.0.0.202411081344/tools/bin/../lib/gcc/arm-none-eabi/13.3.1/../../../../arm-none-eabi/lib/thumb/v8-m.main+fp/hard\libc_nano.a(libc_a-init.o)

.debug_line_str
                0x00000000       0x57
 .debug_line_str
                0x00000000       0x57 ./Core/Startup/startup_stm32u575zitxq.o
